- [Title](#title)
    - [2nd level heading](#2nd-level-heading)
    - [Another 2nd level heading](#another-2nd-level-heading)

# Title

## 2nd level heading

Some text.

## Another 2nd level heading

Some other text here.
Actually multiline.
