# TOC - 1

- [TOC - 1](#toc---1)
- [TOC - 2](#toc---2)

# TOC - 2

- [TOC - 1](#toc---1)
- [TOC - 2](#toc---2)
